// Vitest Snapshot v1, https://vitest.dev/guide/snapshot.html

exports[`feature indicators > matches fixture snapshot 1`] = `
{
  "compression": 0.173163043592,
  "realizedVolLong": 0.01591751141,
  "realizedVolShort": 0.008825930763,
  "trendStrength": 0.006792069342,
  "volRatio": 0.554479311221,
}
`;
